== LinuxCare Beta Gate: source / security / native ==
== LinuxCare static/security verification ==
XML metadata/policies parse successfully
LinuxCare security regression suite passed.
ShellCheck passed
Desktop entry validation passed

✔ Validation was successful: pedantic: 1
AppStream metadata validation passed
release metadata is internally consistent for 0.7.0-beta.1
GNOME extension metadata parses successfully
GNOME extension JavaScript syntax check passed
version metadata consistent: 0.7.0-beta.1
== LinuxCare native build preflight ==
rustc 1.93.0 (254b59607 2026-01-19)
cargo 1.93.0 (083ac5135 2025-12-15)
4.22.4
1.9.1
NOTE: smartmontools is not installed; Hardware Doctor inventory will work, but SMART/NVMe health requires it
Optional desktop notification backend detected: notify-send
Deep Network socket backend detected: ss
Optional eBPF capability tool detected: bpftool
GNOME extension management CLI detected: gnome-extensions
== Rust format / lint / test / build ==
    Checking linuxcare v0.7.0-beta.1 (/home/milmit/Downloads/LinuxCare-v0.7.0-beta.1-release-buildfix1/LinuxCare-0.7.0-beta.1)
    Finished `dev` profile [unoptimized + debuginfo] target(s) in 1.01s
    Finished `dev` profile [unoptimized + debuginfo] target(s) in 0.10s
   Compiling winnow v1.0.4
   Compiling unicode-ident v1.0.24
   Compiling pin-project-lite v0.2.17
   Compiling futures-core v0.3.34
   Compiling slab v0.4.12
   Compiling libc v0.2.189
   Compiling bitflags v2.13.1
   Compiling futures-io v0.3.34
   Compiling serde_core v1.0.229
   Compiling proc-macro2 v1.0.107
   Compiling parking v2.2.1
   Compiling futures-task v0.3.34
   Compiling memchr v2.8.3
   Compiling futures-channel v0.3.34
   Compiling smallvec v1.15.2
   Compiling crossbeam-utils v0.8.22
   Compiling fastrand v2.5.0
   Compiling event-listener v5.4.2
   Compiling quote v1.0.47
   Compiling concurrent-queue v2.5.0
   Compiling event-listener-strategy v0.5.4
   Compiling futures-lite v2.6.1
   Compiling syn v3.0.4
   Compiling syn v2.0.119
   Compiling linux-raw-sys v0.12.1
   Compiling endi v1.1.1
   Compiling errno v0.3.14
   Compiling cfg-if v1.0.4
   Compiling signal-hook-registry v1.4.8
   Compiling toml_parser v1.1.3+spec-1.1.0
   Compiling async-task v4.7.1
   Compiling memoffset v0.9.1
   Compiling async-channel v2.5.0
   Compiling atomic-waker v1.1.2
   Compiling once_cell v1.21.4
   Compiling piper v0.2.5
   Compiling tracing-core v0.1.36
   Compiling toml v1.1.4+spec-1.1.0
   Compiling toml_edit v0.25.13+spec-1.1.0
   Compiling system-deps v7.0.8
   Compiling rustix v1.1.4
   Compiling field-offset v0.3.6
   Compiling async-lock v3.4.2
   Compiling uuid v1.26.0
   Compiling proc-macro-crate v3.5.0
   Compiling zmij v1.0.23
   Compiling glib-sys v0.22.8
   Compiling gobject-sys v0.22.6
   Compiling gio-sys v0.22.8
   Compiling pango-sys v0.22.0
   Compiling cairo-sys-rs v0.22.0
   Compiling gdk-pixbuf-sys v0.22.0
   Compiling gdk4-sys v0.11.4
   Compiling graphene-sys v0.22.8
   Compiling gsk4-sys v0.11.4
   Compiling gtk4-sys v0.11.4
   Compiling libadwaita-sys v0.9.2
   Compiling blocking v1.7.0
   Compiling async-executor v1.14.0
   Compiling mio v1.2.2
   Compiling async-broadcast v0.7.2
   Compiling ordered-stream v0.2.0
   Compiling hex v0.4.3
   Compiling bytes v1.12.1
   Compiling itoa v1.0.18
   Compiling same-file v1.0.6
   Compiling walkdir v2.5.0
   Compiling serde_json v1.0.151
   Compiling glib-macros v0.22.6
   Compiling enumflags2_derive v0.7.12
   Compiling polling v3.11.0
   Compiling serde_derive v1.0.229
   Compiling futures-macro v0.3.34
   Compiling async-io v2.6.0
   Compiling futures-util v0.3.34
   Compiling async-signal v0.2.14
   Compiling tracing-attributes v0.1.31
   Compiling gtk4-macros v0.11.4
   Compiling async-process v2.5.0
   Compiling serde_repr v0.1.21
   Compiling async-trait v0.1.92
   Compiling thiserror-impl v2.0.20
   Compiling tracing v0.1.44
   Compiling tokio-macros v2.7.2
   Compiling futures-executor v0.3.34
   Compiling async-recursion v1.1.1
   Compiling tokio v1.53.1
   Compiling glib v0.22.8
   Compiling serde v1.0.229
   Compiling thiserror v2.0.20
   Compiling zvariant_utils v4.2.0
   Compiling enumflags2 v0.7.12
   Compiling zcheapstr v1.1.0
   Compiling zvariant_derive v5.15.0
   Compiling zvariant v5.15.0
   Compiling zbus_names v4.3.4
   Compiling zbus_macros v5.19.0
   Compiling zbus v5.19.0
   Compiling gio v0.22.8
   Compiling cairo-rs v0.22.0
   Compiling graphene-rs v0.22.8
   Compiling pango v0.22.8
   Compiling gdk-pixbuf v0.22.0
   Compiling gdk4 v0.11.4
   Compiling gsk4 v0.11.4
   Compiling gtk4 v0.11.4
   Compiling libadwaita v0.9.2
   Compiling linuxcare v0.7.0-beta.1 (/home/milmit/Downloads/LinuxCare-v0.7.0-beta.1-release-buildfix1/LinuxCare-0.7.0-beta.1)
    Finished `test` profile [unoptimized + debuginfo] target(s) in 1m 03s
     Running unittests src/lib.rs (target/debug/deps/linuxcare-4fa9a518360d1952)

running 43 tests
test battery::tests::converts_charge_to_energy ... ok
test automation_engine::beta_migration_tests::older_partial_automation_config_uses_defaults ... ok
test battery::tests::discharge_time_uses_energy_and_power ... ok
test battery::tests::health_ratio_is_bounded ... ok
test boot::tests::blame_parser_orders_slowest_first ... ok
test boot::tests::duration_parser_handles_common_systemd_units ... ok
test cleanup_policy::migration_tests::older_partial_policy_uses_safe_defaults ... ok
test cleanup::tests::cleans_exact_allowlisted_directory_contents ... ok
test container_analyzer::tests::parses_human_sizes ... ok
test container_analyzer::tests::parses_docker_json_lines ... ok
test container_analyzer::tests::parses_podman_json ... ok
test cleanup::tests::refuses_symlinked_allowlist_root ... ok
test deep_network::tests::does_not_invent_process_for_hidden_owner ... ok
test deep_network::tests::parses_tcp_ss_line_with_process ... ok
test filesystem_doctor::tests::parses_mountinfo ... ok
test filesystem_doctor::tests::unescapes_spaces ... ok
test gnome_integration::tests::extension_uuid_is_stable ... ok
test hardware::tests::parses_ata_failure_counters ... ok
test health::tests::healthy_snapshot_scores_high ... ok
test hardware::tests::separates_smartctl_command_errors_from_health_status_bits ... ok
test hardware::tests::parses_nvme_smart_json_without_serial_data ... ok
test health::tests::pressure_reduces_score ... ok
test health::tests::kernel_change_is_reported ... ok
test network_doctor::tests::parses_default_route ... ok
test network_doctor::tests::parses_nmcli_device ... ok
test network_doctor::tests::parses_ping_time ... ok
test package_doctor::tests::parses_apt_simulation_lines ... ok
test process_intelligence::tests::baseline_requires_time_and_samples ... ok
test package_doctor::tests::counts_only_enabled_deb822_stanzas ... ok
test process_intelligence::tests::detects_process_cpu_spike_after_baseline ... ok
test process_intelligence::tests::detects_large_memory_growth ... ok
test scan::scanners::flatpak::tests::parses_common_sizes ... ok
test service_doctor::tests::preview_limits_output ... ok
test history::tests::appends_newest_first ... ok
test settings::tests::deserializes_defaults_for_missing_fields ... ok
test storage_intelligence::tests::confidence_starts_in_learning_mode ... ok
test settings::tests::serializes_and_deserializes_full_settings ... ok
test storage_intelligence::tests::daily_rate_requires_real_time_separation ... ok
test storage_runway::tests::forecast_refuses_flat_growth ... ok
test storage_runway::tests::regression_detects_growth_per_day ... ok
test thermal_doctor::tests::classifies_high_temperature ... ok
test quarantine::tests::restore_refuses_non_empty_recreated_target ... ok
test quarantine::tests::quarantine_then_restore_round_trip ... ok

test result: ok. 43 passed; 0 failed; 0 ignored; 0 measured; 0 filtered out; finished in 0.00s

     Running unittests src/main.rs (target/debug/deps/linuxcare-2d66ae2754a61795)

running 0 tests

test result: ok. 0 passed; 0 failed; 0 ignored; 0 measured; 0 filtered out; finished in 0.00s

     Running unittests src/bin/linuxcare-helper.rs (target/debug/deps/linuxcare_helper-059aa1d80e1fcc34)

running 3 tests
test tests::accepts_normal_snap_identifiers ... ok
test tests::rejects_argument_shaped_snap_identifiers ... ok
test tests::validates_only_sysfs_block_device_basenames ... ok

test result: ok. 3 passed; 0 failed; 0 ignored; 0 measured; 0 filtered out; finished in 0.00s

     Running unittests src/bin/linuxcare-maintenance.rs (target/debug/deps/linuxcare_maintenance-08fd767599dabf82)

running 0 tests

test result: ok. 0 passed; 0 failed; 0 ignored; 0 measured; 0 filtered out; finished in 0.00s

   Compiling linuxcare v0.7.0-beta.1 (/home/milmit/Downloads/LinuxCare-v0.7.0-beta.1-release-buildfix1/LinuxCare-0.7.0-beta.1)
    Finished `dev` profile [unoptimized + debuginfo] target(s) in 1.55s
LinuxCare verification completed successfully.
== LinuxCare Beta Gate: GUI startup ==
GUI smoke: starting isolated 1024x600 X11 session...
LinuxCare GUI startup smoke passed at a 1024x600 virtual display.
== LinuxCare Beta Gate: Debian package ==
Building release binaries...
   Compiling winnow v1.0.4
   Compiling toml_datetime v1.1.1+spec-1.1.0
   Compiling proc-macro2 v1.0.107
   Compiling quote v1.0.47
   Compiling target-lexicon v0.13.5
   Compiling serde_spanned v1.1.1
   Compiling unicode-ident v1.0.24
   Compiling heck v0.5.0
   Compiling smallvec v1.15.2
   Compiling version-compare v0.2.1
   Compiling pkg-config v0.3.34
   Compiling libc v0.2.189
   Compiling pin-project-lite v0.2.17
   Compiling futures-core v0.3.34
   Compiling serde_core v1.0.229
   Compiling serde v1.0.229
   Compiling slab v0.4.12
   Compiling bitflags v2.13.1
   Compiling futures-io v0.3.34
   Compiling equivalent v1.0.2
   Compiling hashbrown v0.17.1
   Compiling cfg-expr v0.20.9
   Compiling parking v2.2.1
   Compiling futures-task v0.3.34
   Compiling autocfg v1.5.1
   Compiling syn v3.0.4
   Compiling syn v2.0.119
   Compiling indexmap v2.14.1
   Compiling memchr v2.8.3
   Compiling futures-channel v0.3.34
   Compiling toml_parser v1.1.3+spec-1.1.0
   Compiling crossbeam-utils v0.8.22
   Compiling toml v1.1.4+spec-1.1.0
   Compiling toml_edit v0.25.13+spec-1.1.0
   Compiling fastrand v2.5.0
   Compiling system-deps v7.0.8
   Compiling concurrent-queue v2.5.0
   Compiling event-listener v5.4.2
   Compiling proc-macro-crate v3.5.0
   Compiling rustix v1.1.4
   Compiling glib-sys v0.22.8
   Compiling gobject-sys v0.22.6
   Compiling gio-sys v0.22.8
   Compiling cairo-sys-rs v0.22.0
   Compiling gdk-pixbuf-sys v0.22.0
   Compiling pango-sys v0.22.0
   Compiling graphene-sys v0.22.8
   Compiling gdk4-sys v0.11.4
   Compiling gsk4-sys v0.11.4
   Compiling gtk4-sys v0.11.4
   Compiling event-listener-strategy v0.5.4
   Compiling futures-lite v2.6.1
   Compiling semver v1.0.28
   Compiling linux-raw-sys v0.12.1
   Compiling rustc_version v0.4.1
   Compiling errno v0.3.14
   Compiling memoffset v0.9.1
   Compiling async-io v2.6.0
   Compiling cfg-if v1.0.4
   Compiling signal-hook-registry v1.4.8
   Compiling field-offset v0.3.6
   Compiling async-task v4.7.1
   Compiling endi v1.1.1
   Compiling async-channel v2.5.0
   Compiling glib-macros v0.22.6
   Compiling enumflags2_derive v0.7.12
   Compiling serde_derive v1.0.229
   Compiling futures-macro v0.3.34
   Compiling futures-util v0.3.34
   Compiling libadwaita-sys v0.9.2
   Compiling zmij v1.0.23
   Compiling atomic-waker v1.1.2
   Compiling once_cell v1.21.4
   Compiling piper v0.2.5
   Compiling tracing-core v0.1.36
   Compiling tracing-attributes v0.1.31
   Compiling gtk4-macros v0.11.4
   Compiling futures-executor v0.3.34
   Compiling glib v0.22.8
   Compiling polling v3.11.0
   Compiling async-lock v3.4.2
   Compiling zvariant_utils v4.2.0
   Compiling zcheapstr v1.1.0
   Compiling enumflags2 v0.7.12
   Compiling serde_json v1.0.151
   Compiling thiserror v2.0.20
   Compiling tracing v0.1.44
   Compiling zvariant_derive v5.15.0
   Compiling async-signal v0.2.14
   Compiling zvariant v5.15.0
   Compiling async-process v2.5.0
   Compiling blocking v1.7.0
   Compiling tokio-macros v2.7.2
   Compiling async-trait v0.1.92
   Compiling zbus_names v4.3.4
   Compiling thiserror-impl v2.0.20
   Compiling serde_repr v0.1.21
   Compiling zbus_macros v5.19.0
   Compiling async-recursion v1.1.1
   Compiling async-executor v1.14.0
   Compiling uuid v1.26.0
   Compiling async-broadcast v0.7.2
   Compiling mio v1.2.2
   Compiling ordered-stream v0.2.0
   Compiling hex v0.4.3
   Compiling bytes v1.12.1
   Compiling itoa v1.0.18
   Compiling same-file v1.0.6
   Compiling walkdir v2.5.0
   Compiling zbus v5.19.0
   Compiling tokio v1.53.1
   Compiling gio v0.22.8
   Compiling cairo-rs v0.22.0
   Compiling graphene-rs v0.22.8
   Compiling gdk-pixbuf v0.22.0
   Compiling pango v0.22.8
   Compiling gdk4 v0.11.4
   Compiling gsk4 v0.11.4
   Compiling gtk4 v0.11.4
   Compiling libadwaita v0.9.2
   Compiling linuxcare v0.7.0-beta.1 (/home/milmit/Downloads/LinuxCare-v0.7.0-beta.1-release-buildfix1/LinuxCare-0.7.0-beta.1)
    Finished `release` profile [optimized] target(s) in 1m 44s
Preparing package structure at /home/milmit/Downloads/LinuxCare-v0.7.0-beta.1-release-buildfix1/LinuxCare-0.7.0-beta.1/target/deb/linuxcare_0.7.0-beta.1_amd64...
Copying binaries and system data files...
Generating deterministic package metadata...
Building Debian package...
dpkg-deb: error: control directory has bad permissions 2775 (must be >=0755 and <=0775)
