== LinuxCare Beta Gate: source / security / native ==
== LinuxCare static/security verification ==
XML metadata/policies parse successfully
LinuxCare security regression suite passed.
ShellCheck passed
Desktop entry validation passed

✔ Validation was successful: pedantic: 1
AppStream metadata validation passed
release metadata is internally consistent for 0.7.0-beta.1
GNOME extension metadata parses successfully
GNOME extension JavaScript syntax check passed
version metadata consistent: 0.7.0-beta.1
== LinuxCare native build preflight ==
rustc 1.93.0 (254b59607 2026-01-19)
cargo 1.93.0 (083ac5135 2025-12-15)
4.22.4
1.9.1
NOTE: smartmontools is not installed; Hardware Doctor inventory will work, but SMART/NVMe health requires it
Optional desktop notification backend detected: notify-send
Deep Network socket backend detected: ss
Optional eBPF capability tool detected: bpftool
GNOME extension management CLI detected: gnome-extensions
== Rust format / lint / test / build ==
   Compiling winnow v1.0.4
   Compiling toml_datetime v1.1.1+spec-1.1.0
   Compiling proc-macro2 v1.0.107
   Compiling quote v1.0.47
   Compiling target-lexicon v0.13.5
   Compiling serde_spanned v1.1.1
   Compiling heck v0.5.0
   Compiling unicode-ident v1.0.24
   Compiling smallvec v1.15.2
   Compiling pkg-config v0.3.34
   Compiling version-compare v0.2.1
   Compiling libc v0.2.189
    Checking pin-project-lite v0.2.17
    Checking futures-core v0.3.34
   Compiling serde_core v1.0.229
    Checking slab v0.4.12
   Compiling serde v1.0.229
    Checking bitflags v2.13.1
    Checking futures-io v0.3.34
   Compiling hashbrown v0.17.1
   Compiling equivalent v1.0.2
    Checking futures-task v0.3.34
   Compiling autocfg v1.5.1
   Compiling cfg-expr v0.20.9
    Checking parking v2.2.1
   Compiling syn v3.0.4
   Compiling syn v2.0.119
    Checking memchr v2.8.3
   Compiling indexmap v2.14.1
    Checking futures-channel v0.3.34
   Compiling toml_parser v1.1.3+spec-1.1.0
   Compiling crossbeam-utils v0.8.22
    Checking fastrand v2.5.0
    Checking event-listener v5.4.2
   Compiling toml v1.1.4+spec-1.1.0
    Checking concurrent-queue v2.5.0
   Compiling toml_edit v0.25.13+spec-1.1.0
   Compiling rustix v1.1.4
   Compiling system-deps v7.0.8
    Checking event-listener-strategy v0.5.4
    Checking futures-lite v2.6.1
   Compiling proc-macro-crate v3.5.0
    Checking linux-raw-sys v0.12.1
   Compiling semver v1.0.28
   Compiling glib-sys v0.22.8
   Compiling gobject-sys v0.22.6
   Compiling gio-sys v0.22.8
   Compiling pango-sys v0.22.0
   Compiling gdk-pixbuf-sys v0.22.0
   Compiling cairo-sys-rs v0.22.0
   Compiling graphene-sys v0.22.8
   Compiling gdk4-sys v0.11.4
   Compiling gsk4-sys v0.11.4
   Compiling gtk4-sys v0.11.4
   Compiling rustc_version v0.4.1
    Checking errno v0.3.14
   Compiling memoffset v0.9.1
   Compiling async-io v2.6.0
    Checking cfg-if v1.0.4
    Checking signal-hook-registry v1.4.8
    Checking async-task v4.7.1
   Compiling field-offset v0.3.6
   Compiling endi v1.1.1
   Compiling libadwaita-sys v0.9.2
    Checking async-channel v2.5.0
    Checking atomic-waker v1.1.2
   Compiling zmij v1.0.23
    Checking once_cell v1.21.4
    Checking piper v0.2.5
    Checking tracing-core v0.1.36
    Checking async-lock v3.4.2
   Compiling serde_json v1.0.151
   Compiling thiserror v2.0.20
    Checking blocking v1.7.0
    Checking async-executor v1.14.0
    Checking uuid v1.26.0
    Checking async-broadcast v0.7.2
    Checking mio v1.2.2
    Checking ordered-stream v0.2.0
    Checking itoa v1.0.18
    Checking bytes v1.12.1
    Checking same-file v1.0.6
    Checking hex v0.4.3
    Checking walkdir v2.5.0
   Compiling glib-macros v0.22.6
   Compiling enumflags2_derive v0.7.12
   Compiling tracing-attributes v0.1.31
   Compiling gtk4-macros v0.11.4
   Compiling serde_derive v1.0.229
   Compiling futures-macro v0.3.34
   Compiling serde_repr v0.1.21
   Compiling thiserror-impl v2.0.20
   Compiling async-trait v0.1.92
   Compiling tokio-macros v2.7.2
    Checking futures-util v0.3.34
   Compiling async-recursion v1.1.1
    Checking tracing v0.1.44
    Checking tokio v1.53.1
    Checking polling v3.11.0
    Checking async-signal v0.2.14
    Checking async-process v2.5.0
    Checking futures-executor v0.3.34
    Checking glib v0.22.8
    Checking zcheapstr v1.1.0
    Checking zvariant_utils v4.2.0
    Checking enumflags2 v0.7.12
   Compiling zvariant_derive v5.15.0
   Compiling zvariant v5.15.0
    Checking zbus_names v4.3.4
   Compiling zbus_macros v5.19.0
    Checking zbus v5.19.0
    Checking gio v0.22.8
    Checking cairo-rs v0.22.0
    Checking graphene-rs v0.22.8
    Checking pango v0.22.8
    Checking gdk-pixbuf v0.22.0
    Checking gdk4 v0.11.4
    Checking gsk4 v0.11.4
    Checking gtk4 v0.11.4
    Checking libadwaita v0.9.2
    Checking linuxcare v0.7.0-beta.1 (/home/milmit/Downloads/LinuxCare-v0.7.0-beta.1-release-buildfix1/LinuxCare-0.7.0-beta.1)
    Finished `dev` profile [unoptimized + debuginfo] target(s) in 48.70s
    Checking linuxcare v0.7.0-beta.1 (/home/milmit/Downloads/LinuxCare-v0.7.0-beta.1-release-buildfix1/LinuxCare-0.7.0-beta.1)
error: writing `&PathBuf` instead of `&Path` involves a new object where a slice will do
   --> src/executor.rs:230:11
    |
230 |     home: &PathBuf,
    |           ^^^^^^^^ help: change this to: `&Path`
    |
    = help: for further information visit https://rust-lang.github.io/rust-clippy/rust-1.93.0/index.html#ptr_arg
    = note: `-D clippy::ptr-arg` implied by `-D warnings`
    = help: to override `-D warnings` add `#[allow(clippy::ptr_arg)]`

error: could not compile `linuxcare` (lib) due to 1 previous error
warning: build failed, waiting for other jobs to finish...
error: could not compile `linuxcare` (lib test) due to 1 previous error
